#! /Users/ricky/oss-cad-suite/bin/vvp
:ivl_version "13.0 (devel)" "(s20251012-95-ga44b3fbe4)";
:ivl_delay_selection "TYPICAL";
:vpi_time_precision - 12;
:vpi_module "/Users/ricky/oss-cad-suite/lib/ivl/system.vpi";
:vpi_module "/Users/ricky/oss-cad-suite/lib/ivl/vhdl_sys.vpi";
:vpi_module "/Users/ricky/oss-cad-suite/lib/ivl/vhdl_textio.vpi";
:vpi_module "/Users/ricky/oss-cad-suite/lib/ivl/v2005_math.vpi";
:vpi_module "/Users/ricky/oss-cad-suite/lib/ivl/va_math.vpi";
S_0x1015bd070 .scope module, "tb_RISCV" "tb_RISCV" 2 3;
 .timescale -9 -12;
v0x8b6c6cc80_0 .var "clk", 0 0;
v0x8b6c6cd20_0 .var "rst", 0 0;
S_0x1015bd1f0 .scope module, "DUT" "RISCV_Single_Cycle" 2 9, 3 1 0, S_0x1015bd070;
 .timescale 0 0;
    .port_info 0 /INPUT 1 "clk";
    .port_info 1 /INPUT 1 "rst";
v0x8b6c57e80_0 .net "ALUControl", 2 0, v0x8b6c54aa0_0;  1 drivers
v0x8b6c57f20_0 .net "ALUResult", 31 0, v0x8b6c54780_0;  1 drivers
v0x8b6c6c000_0 .net "ALUSrc", 0 0, v0x8b6c54e60_0;  1 drivers
v0x8b6c6c0a0_0 .net "ImmExt", 31 0, v0x8b6c55fe0_0;  1 drivers
v0x8b6c6c140_0 .net "ImmSrc", 1 0, v0x8b6c54fa0_0;  1 drivers
v0x8b6c6c1e0_0 .net "Instr", 31 0, L_0x8b6c15b20;  1 drivers
v0x8b6c6c280_0 .net "MemWrite", 0 0, v0x8b6c55040_0;  1 drivers
v0x8b6c6c320_0 .net "PCNext_wire", 31 0, v0x8b6c56940_0;  1 drivers
v0x8b6c6c3c0_0 .net "PCPlus4_wire", 31 0, L_0x8b6c6cdc0;  1 drivers
v0x8b6c6c460_0 .net "PCSrc", 0 0, L_0x1015bf560;  1 drivers
v0x8b6c6c500_0 .net "PCTarget_wire", 31 0, L_0x8b6c6ce60;  1 drivers
v0x8b6c6c5a0_0 .net "PC_wire", 31 0, v0x8b6c56c60_0;  1 drivers
v0x8b6c6c640_0 .net "RD1", 31 0, L_0x1015bf7e0;  1 drivers
v0x8b6c6c6e0_0 .net "RD2", 31 0, L_0x1015b24a0;  1 drivers
v0x8b6c6c780_0 .net "ReadData", 31 0, L_0x8b6c15b90;  1 drivers
v0x8b6c6c820_0 .net "RegWrite", 0 0, v0x8b6c550e0_0;  1 drivers
v0x8b6c6c8c0_0 .net "Result", 31 0, v0x8b6c57d40_0;  1 drivers
v0x8b6c6c960_0 .net "ResultSrc", 1 0, v0x8b6c55180_0;  1 drivers
v0x8b6c6ca00_0 .net "SrcB", 31 0, v0x8b6c54a00_0;  1 drivers
v0x8b6c6caa0_0 .net "Zero", 0 0, v0x8b6c546e0_0;  1 drivers
v0x8b6c6cb40_0 .net "clk", 0 0, v0x8b6c6cc80_0;  1 drivers
v0x8b6c6cbe0_0 .net "rst", 0 0, v0x8b6c6cd20_0;  1 drivers
L_0x8b6c64280 .part L_0x8b6c15b20, 0, 7;
L_0x8b6c64320 .part L_0x8b6c15b20, 12, 3;
L_0x8b6c643c0 .part L_0x8b6c15b20, 30, 1;
L_0x8b6c645a0 .part L_0x8b6c15b20, 15, 5;
L_0x8b6c64640 .part L_0x8b6c15b20, 20, 5;
L_0x8b6c646e0 .part L_0x8b6c15b20, 7, 5;
S_0x1015b45a0 .scope module, "alu" "ALUCtrl" 3 96, 4 3 0, S_0x1015bd1f0;
 .timescale 0 0;
    .port_info 0 /INPUT 32 "A";
    .port_info 1 /INPUT 32 "B";
    .port_info 2 /INPUT 3 "ALUControl";
    .port_info 3 /OUTPUT 1 "Zero";
    .port_info 4 /OUTPUT 32 "result";
P_0x8b6c44800 .param/l "N" 0 4 3, +C4<00000000000000000000000000100000>;
v0x8b6c54500_0 .net "A", 31 0, L_0x1015bf7e0;  alias, 1 drivers
v0x8b6c545a0_0 .net "ALUControl", 2 0, v0x8b6c54aa0_0;  alias, 1 drivers
v0x8b6c54640_0 .net "B", 31 0, v0x8b6c54a00_0;  alias, 1 drivers
v0x8b6c546e0_0 .var "Zero", 0 0;
v0x8b6c54780_0 .var "result", 31 0;
E_0x8b6c44880 .event anyedge, v0x8b6c545a0_0, v0x8b6c54500_0, v0x8b6c54640_0, v0x8b6c54780_0;
S_0x1015b4720 .scope module, "alu_src_b_mux" "ALUSrc" 3 88, 5 3 0, S_0x1015bd1f0;
 .timescale 0 0;
    .port_info 0 /INPUT 1 "ALUSrc";
    .port_info 1 /INPUT 32 "RD2";
    .port_info 2 /INPUT 32 "ImmExt";
    .port_info 3 /OUTPUT 32 "SrcB";
v0x8b6c54820_0 .net "ALUSrc", 0 0, v0x8b6c54e60_0;  alias, 1 drivers
v0x8b6c548c0_0 .net "ImmExt", 31 0, v0x8b6c55fe0_0;  alias, 1 drivers
v0x8b6c54960_0 .net "RD2", 31 0, L_0x1015b24a0;  alias, 1 drivers
v0x8b6c54a00_0 .var "SrcB", 31 0;
E_0x8b6c448c0 .event anyedge, v0x8b6c54820_0, v0x8b6c54960_0, v0x8b6c548c0_0;
S_0x1015b3f60 .scope module, "control_unit" "ControlUnit" 3 54, 6 3 0, S_0x1015bd1f0;
 .timescale 0 0;
    .port_info 0 /INPUT 7 "op";
    .port_info 1 /INPUT 3 "funct3";
    .port_info 2 /INPUT 1 "funct7";
    .port_info 3 /INPUT 1 "zero";
    .port_info 4 /OUTPUT 1 "PCSrc";
    .port_info 5 /OUTPUT 2 "ResultSrc";
    .port_info 6 /OUTPUT 1 "MemWrite";
    .port_info 7 /OUTPUT 3 "ALUControl";
    .port_info 8 /OUTPUT 1 "ALUSrc";
    .port_info 9 /OUTPUT 2 "ImmSrc";
    .port_info 10 /OUTPUT 1 "RegWrite";
L_0x1015bf560 .functor AND 1, v0x8b6c54f00_0, v0x8b6c546e0_0, C4<1>, C4<1>;
v0x8b6c552c0_0 .net "ALUControl", 2 0, v0x8b6c54aa0_0;  alias, 1 drivers
v0x8b6c55360_0 .net "ALUOp", 1 0, v0x8b6c54dc0_0;  1 drivers
v0x8b6c55400_0 .net "ALUSrc", 0 0, v0x8b6c54e60_0;  alias, 1 drivers
v0x8b6c554a0_0 .net "Branch", 0 0, v0x8b6c54f00_0;  1 drivers
v0x8b6c55540_0 .net "ImmSrc", 1 0, v0x8b6c54fa0_0;  alias, 1 drivers
v0x8b6c555e0_0 .net "MemWrite", 0 0, v0x8b6c55040_0;  alias, 1 drivers
v0x8b6c55680_0 .net "PCSrc", 0 0, L_0x1015bf560;  alias, 1 drivers
v0x8b6c55720_0 .net "RegWrite", 0 0, v0x8b6c550e0_0;  alias, 1 drivers
v0x8b6c557c0_0 .net "ResultSrc", 1 0, v0x8b6c55180_0;  alias, 1 drivers
v0x8b6c55860_0 .net "funct3", 2 0, L_0x8b6c64320;  1 drivers
v0x8b6c55900_0 .net "funct7", 0 0, L_0x8b6c643c0;  1 drivers
v0x8b6c559a0_0 .net "op", 6 0, L_0x8b6c64280;  1 drivers
v0x8b6c55a40_0 .net "zero", 0 0, v0x8b6c546e0_0;  alias, 1 drivers
L_0x8b6c641e0 .part L_0x8b6c64280, 5, 1;
S_0x1015b3730 .scope module, "ALUDecode" "ALUDecoder" 6 39, 7 4 0, S_0x1015b3f60;
 .timescale 0 0;
    .port_info 0 /INPUT 2 "ALUOp";
    .port_info 1 /INPUT 3 "funct3";
    .port_info 2 /INPUT 1 "funct7";
    .port_info 3 /INPUT 1 "op5";
    .port_info 4 /OUTPUT 3 "ALUControl";
v0x8b6c54aa0_0 .var "ALUControl", 2 0;
v0x8b6c54b40_0 .net "ALUOp", 1 0, v0x8b6c54dc0_0;  alias, 1 drivers
v0x8b6c54be0_0 .net "funct3", 2 0, L_0x8b6c64320;  alias, 1 drivers
v0x8b6c54c80_0 .net "funct7", 0 0, L_0x8b6c643c0;  alias, 1 drivers
v0x8b6c54d20_0 .net "op5", 0 0, L_0x8b6c641e0;  1 drivers
E_0x8b6c44900 .event anyedge, v0x8b6c54b40_0, v0x8b6c54be0_0, v0x8b6c54d20_0, v0x8b6c54c80_0;
S_0x1015b38b0 .scope module, "MainDecoder" "mainDecoder" 6 25, 8 2 0, S_0x1015b3f60;
 .timescale 0 0;
    .port_info 0 /INPUT 7 "op";
    .port_info 1 /OUTPUT 1 "Branch";
    .port_info 2 /OUTPUT 2 "ResultSrc";
    .port_info 3 /OUTPUT 1 "MemWrite";
    .port_info 4 /OUTPUT 1 "ALUSrc";
    .port_info 5 /OUTPUT 2 "ImmSrc";
    .port_info 6 /OUTPUT 1 "RegWrite";
    .port_info 7 /OUTPUT 2 "ALUOp";
v0x8b6c54dc0_0 .var "ALUOp", 1 0;
v0x8b6c54e60_0 .var "ALUSrc", 0 0;
v0x8b6c54f00_0 .var "Branch", 0 0;
v0x8b6c54fa0_0 .var "ImmSrc", 1 0;
v0x8b6c55040_0 .var "MemWrite", 0 0;
v0x8b6c550e0_0 .var "RegWrite", 0 0;
v0x8b6c55180_0 .var "ResultSrc", 1 0;
v0x8b6c55220_0 .net "op", 6 0, L_0x8b6c64280;  alias, 1 drivers
E_0x8b6c44940 .event anyedge, v0x8b6c55220_0;
S_0x1015b2e30 .scope module, "data_mem" "DataMemory" 3 105, 9 1 0, S_0x1015bd1f0;
 .timescale 0 0;
    .port_info 0 /INPUT 1 "clk";
    .port_info 1 /INPUT 1 "WE";
    .port_info 2 /INPUT 32 "A";
    .port_info 3 /INPUT 32 "WD";
    .port_info 4 /OUTPUT 32 "RD";
L_0x8b6c15b90 .functor BUFZ 32, L_0x8b7085180, C4<00000000000000000000000000000000>, C4<00000000000000000000000000000000>, C4<00000000000000000000000000000000>;
v0x8b6c55ae0_0 .net "A", 31 0, v0x8b6c54780_0;  alias, 1 drivers
v0x8b6c55b80 .array "RAM", 0 63, 31 0;
v0x8b6c55c20_0 .net "RD", 31 0, L_0x8b6c15b90;  alias, 1 drivers
v0x8b6c55cc0_0 .net "WD", 31 0, L_0x1015b24a0;  alias, 1 drivers
v0x8b6c55d60_0 .net "WE", 0 0, v0x8b6c55040_0;  alias, 1 drivers
v0x8b6c55e00_0 .net *"_ivl_0", 31 0, L_0x8b7085180;  1 drivers
v0x8b6c55ea0_0 .net *"_ivl_3", 29 0, L_0x8b6c64780;  1 drivers
v0x8b6c55f40_0 .net "clk", 0 0, v0x8b6c6cc80_0;  alias, 1 drivers
E_0x8b6c44980 .event posedge, v0x8b6c55f40_0;
L_0x8b7085180 .array/port v0x8b6c55b80, L_0x8b6c64780;
L_0x8b6c64780 .part v0x8b6c54780_0, 2, 30;
S_0x1015b2fb0 .scope module, "ext" "Extender" 3 81, 10 2 0, S_0x1015bd1f0;
 .timescale 0 0;
    .port_info 0 /INPUT 2 "ImmSrc";
    .port_info 1 /INPUT 32 "Instruction";
    .port_info 2 /OUTPUT 32 "ImmExt";
v0x8b6c55fe0_0 .var "ImmExt", 31 0;
v0x8b6c56080_0 .net "ImmSrc", 1 0, v0x8b6c54fa0_0;  alias, 1 drivers
v0x8b6c56120_0 .net "Instruction", 31 0, L_0x8b6c15b20;  alias, 1 drivers
E_0x8b6c449c0 .event anyedge, v0x8b6c54fa0_0, v0x8b6c56120_0;
S_0x8b6c68000 .scope module, "instr_mem" "InstructionMemory" 3 47, 11 1 0, S_0x1015bd1f0;
 .timescale 0 0;
    .port_info 0 /INPUT 1 "clk";
    .port_info 1 /INPUT 32 "A";
    .port_info 2 /OUTPUT 32 "RD";
L_0x8b6c15b20 .functor BUFZ 32, L_0x8b7084e60, C4<00000000000000000000000000000000>, C4<00000000000000000000000000000000>, C4<00000000000000000000000000000000>;
v0x8b6c561c0_0 .net "A", 31 0, v0x8b6c56c60_0;  alias, 1 drivers
v0x8b6c56260_0 .net "RD", 31 0, L_0x8b6c15b20;  alias, 1 drivers
v0x8b6c56300_0 .net *"_ivl_0", 31 0, L_0x8b7084e60;  1 drivers
v0x8b6c563a0_0 .net *"_ivl_3", 29 0, L_0x8b6c64140;  1 drivers
v0x8b6c56440_0 .net "clk", 0 0, v0x8b6c6cc80_0;  alias, 1 drivers
v0x8b6c564e0 .array "instr_mem", 2 0, 31 0;
L_0x8b7084e60 .array/port v0x8b6c564e0, L_0x8b6c64140;
L_0x8b6c64140 .part v0x8b6c56c60_0, 2, 30;
S_0x8b6c68180 .scope module, "pc_add4" "PCPlus4" 3 35, 12 1 0, S_0x1015bd1f0;
 .timescale 0 0;
    .port_info 0 /INPUT 32 "PC";
    .port_info 1 /OUTPUT 32 "PCPlus4";
v0x8b6c56580_0 .net "PC", 31 0, v0x8b6c56c60_0;  alias, 1 drivers
v0x8b6c56620_0 .net "PCPlus4", 31 0, L_0x8b6c6cdc0;  alias, 1 drivers
L_0x8b7454010 .functor BUFT 1, C4<00000000000000000000000000000100>, C4<0>, C4<0>, C4<0>;
v0x8b6c566c0_0 .net/2u *"_ivl_0", 31 0, L_0x8b7454010;  1 drivers
L_0x8b6c6cdc0 .arith/sum 32, v0x8b6c56c60_0, L_0x8b7454010;
S_0x8b6c68300 .scope module, "pc_add_target" "PCTarget" 3 40, 13 1 0, S_0x1015bd1f0;
 .timescale 0 0;
    .port_info 0 /INPUT 32 "PC";
    .port_info 1 /INPUT 32 "ImmExt";
    .port_info 2 /OUTPUT 32 "PCTarget";
v0x8b6c56760_0 .net "ImmExt", 31 0, v0x8b6c55fe0_0;  alias, 1 drivers
v0x8b6c56800_0 .net "PC", 31 0, v0x8b6c56c60_0;  alias, 1 drivers
v0x8b6c568a0_0 .net "PCTarget", 31 0, L_0x8b6c6ce60;  alias, 1 drivers
L_0x8b6c6ce60 .arith/sum 32, v0x8b6c56c60_0, v0x8b6c55fe0_0;
S_0x8b6c68480 .scope module, "pc_mux" "PCNext" 3 21, 14 1 0, S_0x1015bd1f0;
 .timescale 0 0;
    .port_info 0 /INPUT 1 "PCSrc";
    .port_info 1 /INPUT 32 "PCPlus4";
    .port_info 2 /INPUT 32 "PCTarget";
    .port_info 3 /OUTPUT 32 "PCNext";
v0x8b6c56940_0 .var "PCNext", 31 0;
v0x8b6c569e0_0 .net "PCPlus4", 31 0, L_0x8b6c6cdc0;  alias, 1 drivers
v0x8b6c56a80_0 .net "PCSrc", 0 0, L_0x1015bf560;  alias, 1 drivers
v0x8b6c56b20_0 .net "PCTarget", 31 0, L_0x8b6c6ce60;  alias, 1 drivers
E_0x8b6c44a00 .event anyedge, v0x8b6c55680_0, v0x8b6c56620_0, v0x8b6c568a0_0, v0x8b6c56940_0;
S_0x8b6c68600 .scope module, "pc_reg" "registro" 3 28, 15 1 0, S_0x1015bd1f0;
 .timescale 0 0;
    .port_info 0 /INPUT 1 "clk";
    .port_info 1 /INPUT 1 "rst";
    .port_info 2 /INPUT 32 "PCin";
    .port_info 3 /OUTPUT 32 "PCout";
v0x8b6c56bc0_0 .net "PCin", 31 0, v0x8b6c56940_0;  alias, 1 drivers
v0x8b6c56c60_0 .var "PCout", 31 0;
v0x8b6c56d00_0 .net "clk", 0 0, v0x8b6c6cc80_0;  alias, 1 drivers
v0x8b6c56da0_0 .net "rst", 0 0, v0x8b6c6cd20_0;  alias, 1 drivers
E_0x8b6c44a40 .event posedge, v0x8b6c56da0_0, v0x8b6c55f40_0;
S_0x8b6c68780 .scope module, "reg_file" "RegisterFile" 3 69, 16 1 0, S_0x1015bd1f0;
 .timescale 0 0;
    .port_info 0 /INPUT 1 "clk";
    .port_info 1 /INPUT 1 "WE3";
    .port_info 2 /INPUT 5 "A1";
    .port_info 3 /INPUT 5 "A2";
    .port_info 4 /INPUT 5 "A3";
    .port_info 5 /INPUT 32 "WD3";
    .port_info 6 /OUTPUT 32 "RD1";
    .port_info 7 /OUTPUT 32 "RD2";
v0x8b6c56e40_0 .net "A1", 4 0, L_0x8b6c645a0;  1 drivers
v0x8b6c56ee0_0 .net "A2", 4 0, L_0x8b6c64640;  1 drivers
v0x8b6c56f80_0 .net "A3", 4 0, L_0x8b6c646e0;  1 drivers
v0x8b6c57020_0 .net "RD1", 31 0, L_0x1015bf7e0;  alias, 1 drivers
v0x8b6c570c0_0 .net "RD2", 31 0, L_0x1015b24a0;  alias, 1 drivers
v0x8b6c57160 .array "RF", 0 31, 31 0;
v0x8b6c57200_0 .net "WD3", 31 0, v0x8b6c57d40_0;  alias, 1 drivers
v0x8b6c572a0_0 .net "WE3", 0 0, v0x8b6c550e0_0;  alias, 1 drivers
L_0x8b7454058 .functor BUFT 1, C4<00000>, C4<0>, C4<0>, C4<0>;
v0x8b6c57340_0 .net/2u *"_ivl_0", 4 0, L_0x8b7454058;  1 drivers
L_0x8b74540e8 .functor BUFT 1, C4<00>, C4<0>, C4<0>, C4<0>;
v0x8b6c573e0_0 .net *"_ivl_11", 1 0, L_0x8b74540e8;  1 drivers
L_0x8b7454130 .functor BUFT 1, C4<00000>, C4<0>, C4<0>, C4<0>;
v0x8b6c57480_0 .net/2u *"_ivl_14", 4 0, L_0x8b7454130;  1 drivers
v0x8b6c57520_0 .net *"_ivl_16", 0 0, L_0x8b6c64500;  1 drivers
L_0x8b7454178 .functor BUFT 1, C4<00000000000000000000000000000000>, C4<0>, C4<0>, C4<0>;
v0x8b6c575c0_0 .net/2u *"_ivl_18", 31 0, L_0x8b7454178;  1 drivers
v0x8b6c57660_0 .net *"_ivl_2", 0 0, L_0x8b6c64460;  1 drivers
v0x8b6c57700_0 .net *"_ivl_20", 31 0, L_0x8b7085040;  1 drivers
v0x8b6c577a0_0 .net *"_ivl_22", 6 0, L_0x8b70850e0;  1 drivers
L_0x8b74541c0 .functor BUFT 1, C4<00>, C4<0>, C4<0>, C4<0>;
v0x8b6c57840_0 .net *"_ivl_25", 1 0, L_0x8b74541c0;  1 drivers
L_0x8b74540a0 .functor BUFT 1, C4<00000000000000000000000000000000>, C4<0>, C4<0>, C4<0>;
v0x8b6c578e0_0 .net/2u *"_ivl_4", 31 0, L_0x8b74540a0;  1 drivers
v0x8b6c57980_0 .net *"_ivl_6", 31 0, L_0x8b7084f00;  1 drivers
v0x8b6c57a20_0 .net *"_ivl_8", 6 0, L_0x8b7084fa0;  1 drivers
v0x8b6c57ac0_0 .net "clk", 0 0, v0x8b6c6cc80_0;  alias, 1 drivers
L_0x8b6c64460 .cmp/eq 5, L_0x8b6c645a0, L_0x8b7454058;
L_0x8b7084f00 .array/port v0x8b6c57160, L_0x8b7084fa0;
L_0x8b7084fa0 .concat [ 5 2 0 0], L_0x8b6c645a0, L_0x8b74540e8;
L_0x1015bf7e0 .functor MUXZ 32, L_0x8b7084f00, L_0x8b74540a0, L_0x8b6c64460, C4<>;
L_0x8b6c64500 .cmp/eq 5, L_0x8b6c64640, L_0x8b7454130;
L_0x8b7085040 .array/port v0x8b6c57160, L_0x8b70850e0;
L_0x8b70850e0 .concat [ 5 2 0 0], L_0x8b6c64640, L_0x8b74541c0;
L_0x1015b24a0 .functor MUXZ 32, L_0x8b7085040, L_0x8b7454178, L_0x8b6c64500, C4<>;
S_0x8b6c68900 .scope module, "result_mux" "result" 3 114, 17 1 0, S_0x1015bd1f0;
 .timescale 0 0;
    .port_info 0 /INPUT 2 "ResultSrc";
    .port_info 1 /INPUT 32 "ALUResult";
    .port_info 2 /INPUT 32 "ReadData";
    .port_info 3 /INPUT 32 "PCPlus4";
    .port_info 4 /OUTPUT 32 "Result";
v0x8b6c57b60_0 .net "ALUResult", 31 0, v0x8b6c54780_0;  alias, 1 drivers
v0x8b6c57c00_0 .net "PCPlus4", 31 0, L_0x8b6c6cdc0;  alias, 1 drivers
v0x8b6c57ca0_0 .net "ReadData", 31 0, L_0x8b6c15b90;  alias, 1 drivers
v0x8b6c57d40_0 .var "Result", 31 0;
v0x8b6c57de0_0 .net "ResultSrc", 1 0, v0x8b6c55180_0;  alias, 1 drivers
E_0x8b6c44a80 .event anyedge, v0x8b6c55180_0, v0x8b6c54780_0, v0x8b6c55c20_0, v0x8b6c56620_0;
    .scope S_0x8b6c68480;
T_0 ;
    %wait E_0x8b6c44a00;
    %load/vec4 v0x8b6c56a80_0;
    %dup/vec4;
    %pushi/vec4 0, 0, 1;
    %cmp/u;
    %jmp/1 T_0.0, 6;
    %dup/vec4;
    %pushi/vec4 1, 0, 1;
    %cmp/u;
    %jmp/1 T_0.1, 6;
    %load/vec4 v0x8b6c56940_0;
    %store/vec4 v0x8b6c56940_0, 0, 32;
    %jmp T_0.3;
T_0.0 ;
    %load/vec4 v0x8b6c569e0_0;
    %store/vec4 v0x8b6c56940_0, 0, 32;
    %jmp T_0.3;
T_0.1 ;
    %load/vec4 v0x8b6c56b20_0;
    %store/vec4 v0x8b6c56940_0, 0, 32;
    %jmp T_0.3;
T_0.3 ;
    %pop/vec4 1;
    %jmp T_0;
    .thread T_0, $push;
    .scope S_0x8b6c68600;
T_1 ;
    %wait E_0x8b6c44a40;
    %load/vec4 v0x8b6c56da0_0;
    %flag_set/vec4 8;
    %jmp/0xz  T_1.0, 8;
    %pushi/vec4 0, 0, 32;
    %assign/vec4 v0x8b6c56c60_0, 0;
    %jmp T_1.1;
T_1.0 ;
    %load/vec4 v0x8b6c56bc0_0;
    %assign/vec4 v0x8b6c56c60_0, 0;
T_1.1 ;
    %jmp T_1;
    .thread T_1;
    .scope S_0x8b6c68000;
T_2 ;
    %vpi_call 11 11 "$readmemh", "instrMem.hex", v0x8b6c564e0 {0 0 0};
    %end;
    .thread T_2;
    .scope S_0x1015b38b0;
T_3 ;
    %wait E_0x8b6c44940;
    %load/vec4 v0x8b6c55220_0;
    %dup/vec4;
    %pushi/vec4 3, 0, 7;
    %cmp/x;
    %jmp/1 T_3.0, 4;
    %dup/vec4;
    %pushi/vec4 35, 0, 7;
    %cmp/x;
    %jmp/1 T_3.1, 4;
    %dup/vec4;
    %pushi/vec4 51, 0, 7;
    %cmp/x;
    %jmp/1 T_3.2, 4;
    %dup/vec4;
    %pushi/vec4 99, 0, 7;
    %cmp/x;
    %jmp/1 T_3.3, 4;
    %dup/vec4;
    %pushi/vec4 19, 0, 7;
    %cmp/x;
    %jmp/1 T_3.4, 4;
    %pushi/vec4 0, 0, 1;
    %store/vec4 v0x8b6c550e0_0, 0, 1;
    %pushi/vec4 0, 0, 2;
    %store/vec4 v0x8b6c54fa0_0, 0, 2;
    %pushi/vec4 0, 0, 1;
    %store/vec4 v0x8b6c54e60_0, 0, 1;
    %pushi/vec4 0, 0, 1;
    %store/vec4 v0x8b6c55040_0, 0, 1;
    %pushi/vec4 0, 0, 2;
    %store/vec4 v0x8b6c55180_0, 0, 2;
    %pushi/vec4 0, 0, 1;
    %store/vec4 v0x8b6c54f00_0, 0, 1;
    %pushi/vec4 0, 0, 2;
    %store/vec4 v0x8b6c54dc0_0, 0, 2;
    %jmp T_3.6;
T_3.0 ;
    %pushi/vec4 1, 0, 1;
    %store/vec4 v0x8b6c550e0_0, 0, 1;
    %pushi/vec4 0, 0, 2;
    %store/vec4 v0x8b6c54fa0_0, 0, 2;
    %pushi/vec4 1, 0, 1;
    %store/vec4 v0x8b6c54e60_0, 0, 1;
    %pushi/vec4 0, 0, 1;
    %store/vec4 v0x8b6c55040_0, 0, 1;
    %pushi/vec4 1, 0, 2;
    %store/vec4 v0x8b6c55180_0, 0, 2;
    %pushi/vec4 0, 0, 1;
    %store/vec4 v0x8b6c54f00_0, 0, 1;
    %pushi/vec4 0, 0, 2;
    %store/vec4 v0x8b6c54dc0_0, 0, 2;
    %jmp T_3.6;
T_3.1 ;
    %pushi/vec4 0, 0, 1;
    %store/vec4 v0x8b6c550e0_0, 0, 1;
    %pushi/vec4 1, 0, 2;
    %store/vec4 v0x8b6c54fa0_0, 0, 2;
    %pushi/vec4 1, 0, 1;
    %store/vec4 v0x8b6c54e60_0, 0, 1;
    %pushi/vec4 1, 0, 1;
    %store/vec4 v0x8b6c55040_0, 0, 1;
    %pushi/vec4 3, 3, 2;
    %store/vec4 v0x8b6c55180_0, 0, 2;
    %pushi/vec4 0, 0, 1;
    %store/vec4 v0x8b6c54f00_0, 0, 1;
    %pushi/vec4 0, 0, 2;
    %store/vec4 v0x8b6c54dc0_0, 0, 2;
    %jmp T_3.6;
T_3.2 ;
    %pushi/vec4 1, 0, 1;
    %store/vec4 v0x8b6c550e0_0, 0, 1;
    %pushi/vec4 3, 3, 2;
    %store/vec4 v0x8b6c54fa0_0, 0, 2;
    %pushi/vec4 0, 0, 1;
    %store/vec4 v0x8b6c54e60_0, 0, 1;
    %pushi/vec4 0, 0, 1;
    %store/vec4 v0x8b6c55040_0, 0, 1;
    %pushi/vec4 0, 0, 2;
    %store/vec4 v0x8b6c55180_0, 0, 2;
    %pushi/vec4 0, 0, 1;
    %store/vec4 v0x8b6c54f00_0, 0, 1;
    %pushi/vec4 2, 0, 2;
    %store/vec4 v0x8b6c54dc0_0, 0, 2;
    %jmp T_3.6;
T_3.3 ;
    %pushi/vec4 0, 0, 1;
    %store/vec4 v0x8b6c550e0_0, 0, 1;
    %pushi/vec4 2, 0, 2;
    %store/vec4 v0x8b6c54fa0_0, 0, 2;
    %pushi/vec4 0, 0, 1;
    %store/vec4 v0x8b6c54e60_0, 0, 1;
    %pushi/vec4 0, 0, 1;
    %store/vec4 v0x8b6c55040_0, 0, 1;
    %pushi/vec4 3, 3, 2;
    %store/vec4 v0x8b6c55180_0, 0, 2;
    %pushi/vec4 1, 0, 1;
    %store/vec4 v0x8b6c54f00_0, 0, 1;
    %pushi/vec4 1, 0, 2;
    %store/vec4 v0x8b6c54dc0_0, 0, 2;
    %jmp T_3.6;
T_3.4 ;
    %pushi/vec4 1, 0, 1;
    %store/vec4 v0x8b6c550e0_0, 0, 1;
    %pushi/vec4 0, 0, 2;
    %store/vec4 v0x8b6c54fa0_0, 0, 2;
    %pushi/vec4 1, 0, 1;
    %store/vec4 v0x8b6c54e60_0, 0, 1;
    %pushi/vec4 0, 0, 1;
    %store/vec4 v0x8b6c55040_0, 0, 1;
    %pushi/vec4 0, 0, 2;
    %store/vec4 v0x8b6c55180_0, 0, 2;
    %pushi/vec4 0, 0, 1;
    %store/vec4 v0x8b6c54f00_0, 0, 1;
    %pushi/vec4 2, 0, 2;
    %store/vec4 v0x8b6c54dc0_0, 0, 2;
    %jmp T_3.6;
T_3.6 ;
    %pop/vec4 1;
    %jmp T_3;
    .thread T_3, $push;
    .scope S_0x1015b3730;
T_4 ;
    %wait E_0x8b6c44900;
    %load/vec4 v0x8b6c54b40_0;
    %load/vec4 v0x8b6c54be0_0;
    %concat/vec4; draw_concat_vec4
    %load/vec4 v0x8b6c54d20_0;
    %concat/vec4; draw_concat_vec4
    %load/vec4 v0x8b6c54c80_0;
    %concat/vec4; draw_concat_vec4
    %dup/vec4;
    %pushi/vec4 31, 31, 7;
    %cmp/x;
    %jmp/1 T_4.0, 4;
    %dup/vec4;
    %pushi/vec4 64, 0, 7;
    %cmp/x;
    %jmp/1 T_4.1, 4;
    %dup/vec4;
    %pushi/vec4 65, 0, 7;
    %cmp/x;
    %jmp/1 T_4.2, 4;
    %dup/vec4;
    %pushi/vec4 66, 0, 7;
    %cmp/x;
    %jmp/1 T_4.3, 4;
    %dup/vec4;
    %pushi/vec4 63, 31, 7;
    %cmp/x;
    %jmp/1 T_4.4, 4;
    %dup/vec4;
    %pushi/vec4 67, 0, 7;
    %cmp/x;
    %jmp/1 T_4.5, 4;
    %dup/vec4;
    %pushi/vec4 75, 3, 7;
    %cmp/x;
    %jmp/1 T_4.6, 4;
    %dup/vec4;
    %pushi/vec4 91, 3, 7;
    %cmp/x;
    %jmp/1 T_4.7, 4;
    %dup/vec4;
    %pushi/vec4 95, 3, 7;
    %cmp/x;
    %jmp/1 T_4.8, 4;
    %jmp T_4.9;
T_4.0 ;
    %pushi/vec4 0, 0, 3;
    %store/vec4 v0x8b6c54aa0_0, 0, 3;
    %jmp T_4.9;
T_4.1 ;
    %pushi/vec4 0, 0, 3;
    %store/vec4 v0x8b6c54aa0_0, 0, 3;
    %jmp T_4.9;
T_4.2 ;
    %pushi/vec4 0, 0, 3;
    %store/vec4 v0x8b6c54aa0_0, 0, 3;
    %jmp T_4.9;
T_4.3 ;
    %pushi/vec4 0, 0, 3;
    %store/vec4 v0x8b6c54aa0_0, 0, 3;
    %jmp T_4.9;
T_4.4 ;
    %pushi/vec4 1, 0, 3;
    %store/vec4 v0x8b6c54aa0_0, 0, 3;
    %jmp T_4.9;
T_4.5 ;
    %pushi/vec4 1, 0, 3;
    %store/vec4 v0x8b6c54aa0_0, 0, 3;
    %jmp T_4.9;
T_4.6 ;
    %pushi/vec4 5, 0, 3;
    %store/vec4 v0x8b6c54aa0_0, 0, 3;
    %jmp T_4.9;
T_4.7 ;
    %pushi/vec4 3, 0, 3;
    %store/vec4 v0x8b6c54aa0_0, 0, 3;
    %jmp T_4.9;
T_4.8 ;
    %pushi/vec4 2, 0, 3;
    %store/vec4 v0x8b6c54aa0_0, 0, 3;
    %jmp T_4.9;
T_4.9 ;
    %pop/vec4 1;
    %jmp T_4;
    .thread T_4, $push;
    .scope S_0x8b6c68780;
T_5 ;
    %wait E_0x8b6c44980;
    %load/vec4 v0x8b6c572a0_0;
    %flag_set/vec4 8;
    %jmp/0xz  T_5.0, 8;
    %load/vec4 v0x8b6c57200_0;
    %load/vec4 v0x8b6c56f80_0;
    %pad/u 7;
    %ix/vec4 3;
    %ix/load 4, 0, 0; Constant delay
    %assign/vec4/a/d v0x8b6c57160, 0, 4;
T_5.0 ;
    %jmp T_5;
    .thread T_5;
    .scope S_0x1015b2fb0;
T_6 ;
    %wait E_0x8b6c449c0;
    %load/vec4 v0x8b6c56080_0;
    %dup/vec4;
    %pushi/vec4 0, 0, 2;
    %cmp/u;
    %jmp/1 T_6.0, 6;
    %dup/vec4;
    %pushi/vec4 1, 0, 2;
    %cmp/u;
    %jmp/1 T_6.1, 6;
    %dup/vec4;
    %pushi/vec4 2, 0, 2;
    %cmp/u;
    %jmp/1 T_6.2, 6;
    %pushi/vec4 0, 0, 32;
    %store/vec4 v0x8b6c55fe0_0, 0, 32;
    %jmp T_6.4;
T_6.0 ;
    %load/vec4 v0x8b6c56120_0;
    %parti/s 1, 31, 6;
    %replicate 20;
    %load/vec4 v0x8b6c56120_0;
    %parti/s 12, 20, 6;
    %concat/vec4; draw_concat_vec4
    %store/vec4 v0x8b6c55fe0_0, 0, 32;
    %jmp T_6.4;
T_6.1 ;
    %load/vec4 v0x8b6c56120_0;
    %parti/s 1, 31, 6;
    %replicate 20;
    %load/vec4 v0x8b6c56120_0;
    %parti/s 7, 25, 6;
    %concat/vec4; draw_concat_vec4
    %load/vec4 v0x8b6c56120_0;
    %parti/s 5, 7, 4;
    %concat/vec4; draw_concat_vec4
    %store/vec4 v0x8b6c55fe0_0, 0, 32;
    %jmp T_6.4;
T_6.2 ;
    %load/vec4 v0x8b6c56120_0;
    %parti/s 1, 31, 6;
    %replicate 19;
    %load/vec4 v0x8b6c56120_0;
    %parti/s 1, 31, 6;
    %concat/vec4; draw_concat_vec4
    %load/vec4 v0x8b6c56120_0;
    %parti/s 1, 7, 4;
    %concat/vec4; draw_concat_vec4
    %load/vec4 v0x8b6c56120_0;
    %parti/s 6, 25, 6;
    %concat/vec4; draw_concat_vec4
    %load/vec4 v0x8b6c56120_0;
    %parti/s 4, 8, 5;
    %concat/vec4; draw_concat_vec4
    %concati/vec4 0, 0, 1;
    %store/vec4 v0x8b6c55fe0_0, 0, 32;
    %jmp T_6.4;
T_6.4 ;
    %pop/vec4 1;
    %jmp T_6;
    .thread T_6, $push;
    .scope S_0x1015b4720;
T_7 ;
    %wait E_0x8b6c448c0;
    %load/vec4 v0x8b6c54820_0;
    %dup/vec4;
    %pushi/vec4 0, 0, 1;
    %cmp/u;
    %jmp/1 T_7.0, 6;
    %dup/vec4;
    %pushi/vec4 1, 0, 1;
    %cmp/u;
    %jmp/1 T_7.1, 6;
    %jmp T_7.2;
T_7.0 ;
    %load/vec4 v0x8b6c54960_0;
    %store/vec4 v0x8b6c54a00_0, 0, 32;
    %jmp T_7.2;
T_7.1 ;
    %load/vec4 v0x8b6c548c0_0;
    %store/vec4 v0x8b6c54a00_0, 0, 32;
    %jmp T_7.2;
T_7.2 ;
    %pop/vec4 1;
    %jmp T_7;
    .thread T_7, $push;
    .scope S_0x1015b45a0;
T_8 ;
    %wait E_0x8b6c44880;
    %load/vec4 v0x8b6c545a0_0;
    %dup/vec4;
    %pushi/vec4 0, 0, 3;
    %cmp/u;
    %jmp/1 T_8.0, 6;
    %dup/vec4;
    %pushi/vec4 1, 0, 3;
    %cmp/u;
    %jmp/1 T_8.1, 6;
    %dup/vec4;
    %pushi/vec4 2, 0, 3;
    %cmp/u;
    %jmp/1 T_8.2, 6;
    %dup/vec4;
    %pushi/vec4 3, 0, 3;
    %cmp/u;
    %jmp/1 T_8.3, 6;
    %dup/vec4;
    %pushi/vec4 5, 0, 3;
    %cmp/u;
    %jmp/1 T_8.4, 6;
    %jmp T_8.5;
T_8.0 ;
    %load/vec4 v0x8b6c54500_0;
    %load/vec4 v0x8b6c54640_0;
    %add;
    %store/vec4 v0x8b6c54780_0, 0, 32;
    %jmp T_8.5;
T_8.1 ;
    %load/vec4 v0x8b6c54500_0;
    %load/vec4 v0x8b6c54640_0;
    %sub;
    %store/vec4 v0x8b6c54780_0, 0, 32;
    %jmp T_8.5;
T_8.2 ;
    %load/vec4 v0x8b6c54500_0;
    %load/vec4 v0x8b6c54640_0;
    %and;
    %store/vec4 v0x8b6c54780_0, 0, 32;
    %jmp T_8.5;
T_8.3 ;
    %load/vec4 v0x8b6c54500_0;
    %load/vec4 v0x8b6c54640_0;
    %or;
    %store/vec4 v0x8b6c54780_0, 0, 32;
    %jmp T_8.5;
T_8.4 ;
    %load/vec4 v0x8b6c54500_0;
    %load/vec4 v0x8b6c54640_0;
    %cmp/u;
    %jmp/0xz  T_8.6, 5;
    %pushi/vec4 1, 0, 32;
    %store/vec4 v0x8b6c54780_0, 0, 32;
    %jmp T_8.7;
T_8.6 ;
    %pushi/vec4 0, 0, 32;
    %store/vec4 v0x8b6c54780_0, 0, 32;
T_8.7 ;
    %jmp T_8.5;
T_8.5 ;
    %pop/vec4 1;
    %load/vec4 v0x8b6c54780_0;
    %cmpi/e 0, 0, 32;
    %jmp/0xz  T_8.8, 4;
    %pushi/vec4 1, 0, 1;
    %store/vec4 v0x8b6c546e0_0, 0, 1;
    %jmp T_8.9;
T_8.8 ;
    %load/vec4 v0x8b6c54780_0;
    %pad/u 1;
    %store/vec4 v0x8b6c546e0_0, 0, 1;
T_8.9 ;
    %jmp T_8;
    .thread T_8, $push;
    .scope S_0x1015b2e30;
T_9 ;
    %wait E_0x8b6c44980;
    %load/vec4 v0x8b6c55d60_0;
    %flag_set/vec4 8;
    %jmp/0xz  T_9.0, 8;
    %load/vec4 v0x8b6c55cc0_0;
    %load/vec4 v0x8b6c55ae0_0;
    %parti/s 30, 2, 3;
    %ix/vec4 3;
    %ix/load 4, 0, 0; Constant delay
    %assign/vec4/a/d v0x8b6c55b80, 0, 4;
T_9.0 ;
    %jmp T_9;
    .thread T_9;
    .scope S_0x8b6c68900;
T_10 ;
    %wait E_0x8b6c44a80;
    %load/vec4 v0x8b6c57de0_0;
    %dup/vec4;
    %pushi/vec4 0, 0, 2;
    %cmp/u;
    %jmp/1 T_10.0, 6;
    %dup/vec4;
    %pushi/vec4 1, 0, 2;
    %cmp/u;
    %jmp/1 T_10.1, 6;
    %dup/vec4;
    %pushi/vec4 2, 0, 2;
    %cmp/u;
    %jmp/1 T_10.2, 6;
    %pushi/vec4 0, 0, 32;
    %store/vec4 v0x8b6c57d40_0, 0, 32;
    %jmp T_10.4;
T_10.0 ;
    %load/vec4 v0x8b6c57b60_0;
    %store/vec4 v0x8b6c57d40_0, 0, 32;
    %jmp T_10.4;
T_10.1 ;
    %load/vec4 v0x8b6c57ca0_0;
    %store/vec4 v0x8b6c57d40_0, 0, 32;
    %jmp T_10.4;
T_10.2 ;
    %load/vec4 v0x8b6c57c00_0;
    %store/vec4 v0x8b6c57d40_0, 0, 32;
    %jmp T_10.4;
T_10.4 ;
    %pop/vec4 1;
    %jmp T_10;
    .thread T_10, $push;
    .scope S_0x1015bd070;
T_11 ;
    %delay 5000, 0;
    %load/vec4 v0x8b6c6cc80_0;
    %inv;
    %store/vec4 v0x8b6c6cc80_0, 0, 1;
    %jmp T_11;
    .thread T_11;
    .scope S_0x1015bd070;
T_12 ;
    %pushi/vec4 0, 0, 1;
    %store/vec4 v0x8b6c6cc80_0, 0, 1;
    %pushi/vec4 1, 0, 1;
    %store/vec4 v0x8b6c6cd20_0, 0, 1;
    %delay 15000, 0;
    %pushi/vec4 0, 0, 1;
    %store/vec4 v0x8b6c6cd20_0, 0, 1;
    %delay 200000, 0;
    %vpi_call 2 30 "$display", "Simulaci\303\263n terminada de manera exitosa." {0 0 0};
    %vpi_call 2 31 "$finish" {0 0 0};
    %end;
    .thread T_12;
    .scope S_0x1015bd070;
T_13 ;
    %vpi_call 2 36 "$monitor", "Tiempo=%0d ns | Reset=%b | PC=%h", $time, v0x8b6c6cd20_0, v0x8b6c6c5a0_0 {0 0 0};
    %end;
    .thread T_13;
    .scope S_0x1015bd070;
T_14 ;
    %vpi_call 2 40 "$dumpfile", "simulacion.vcd" {0 0 0};
    %vpi_call 2 41 "$dumpvars", 32'sb00000000000000000000000000000000, S_0x1015bd070 {0 0 0};
    %end;
    .thread T_14;
# The file index is used to find the file name in the following table.
:file_names 18;
    "N/A";
    "<interactive>";
    "tb_RISCV.v";
    "RISCV_Single_Cycle.v";
    "ALUCtrl.v";
    "ALUSrc.v";
    "ControlUnit.v";
    "ALUDecoder.v";
    "mainDecoder.v";
    "DataMemory.v";
    "Extender.v";
    "InstructionMemory.v";
    "PCPlus4.v";
    "PCTarget.v";
    "PCNext.v";
    "registro.v";
    "RegisterFile.v";
    "result.v";
